[debug] [2025-12-24T01:04:58.111Z] ----------------------------------------------------------------------
[debug] [2025-12-24T01:04:58.113Z] Command:       /usr/local/bin/node /usr/local/bin/firebase functions:shell
[debug] [2025-12-24T01:04:58.114Z] CLI Version:   14.11.1
[debug] [2025-12-24T01:04:58.114Z] Platform:      darwin
[debug] [2025-12-24T01:04:58.114Z] Node Version:  v22.12.0
[debug] [2025-12-24T01:04:58.114Z] Time:          Tue Dec 23 2025 19:04:58 GMT-0600 (Central Standard Time)
[debug] [2025-12-24T01:04:58.114Z] ----------------------------------------------------------------------
[debug] 
[debug] [2025-12-24T01:04:58.326Z] > command requires scopes: ["email","openid","https://www.googleapis.com/auth/cloudplatformprojects.readonly","https://www.googleapis.com/auth/firebase","https://www.googleapis.com/auth/cloud-platform"]
[debug] [2025-12-24T01:04:58.326Z] > authorizing via signed-in user (maxi.mtzberard@gmail.com)
[debug] [2025-12-24T01:04:58.326Z] [iam] checking project parochia-nostra for permissions ["firebase.projects.get"]
[debug] [2025-12-24T01:04:58.327Z] Checked if tokens are valid: true, expires at: 1766540788101
[debug] [2025-12-24T01:04:58.327Z] Checked if tokens are valid: true, expires at: 1766540788101
[debug] [2025-12-24T01:04:58.328Z] >>> [apiv2][query] POST https://cloudresourcemanager.googleapis.com/v1/projects/parochia-nostra:testIamPermissions [none]
[debug] [2025-12-24T01:04:58.328Z] >>> [apiv2][(partial)header] POST https://cloudresourcemanager.googleapis.com/v1/projects/parochia-nostra:testIamPermissions x-goog-quota-user=projects/parochia-nostra
[debug] [2025-12-24T01:04:58.328Z] >>> [apiv2][body] POST https://cloudresourcemanager.googleapis.com/v1/projects/parochia-nostra:testIamPermissions {"permissions":["firebase.projects.get"]}
[debug] [2025-12-24T01:04:58.878Z] <<< [apiv2][status] POST https://cloudresourcemanager.googleapis.com/v1/projects/parochia-nostra:testIamPermissions 200
[debug] [2025-12-24T01:04:58.878Z] <<< [apiv2][body] POST https://cloudresourcemanager.googleapis.com/v1/projects/parochia-nostra:testIamPermissions {"permissions":["firebase.projects.get"]}
[warn] ⚠  functions: Functions Emulator unable to start on port 5000, starting on 5001 instead. {"metadata":{"emulator":{"name":"functions"},"message":"Functions Emulator unable to start on port 5000, starting on 5001 instead."}}
[debug] [2025-12-24T01:04:58.983Z] [functions] Functions Emulator only supports listening on one address (127.0.0.1). Not listening on ::1
[debug] [2025-12-24T01:04:59.029Z] defaultcredentials: writing to file /Users/max/.config/firebase/maxi_mtzberard_gmail.com_application_default_credentials.json
[debug] [2025-12-24T01:04:59.030Z] DEBUG: Setting GAC to /Users/max/.config/firebase/maxi_mtzberard_gmail.com_application_default_credentials.json
[debug] [2025-12-24T01:04:59.031Z] Checked if tokens are valid: true, expires at: 1766540788101
[debug] [2025-12-24T01:04:59.031Z] Checked if tokens are valid: true, expires at: 1766540788101
[debug] [2025-12-24T01:04:59.031Z] >>> [apiv2][query] GET https://firebase.googleapis.com/v1beta1/projects/parochia-nostra/adminSdkConfig [none]
[debug] [2025-12-24T01:04:59.566Z] <<< [apiv2][status] GET https://firebase.googleapis.com/v1beta1/projects/parochia-nostra/adminSdkConfig 200
[debug] [2025-12-24T01:04:59.566Z] <<< [apiv2][body] GET https://firebase.googleapis.com/v1beta1/projects/parochia-nostra/adminSdkConfig {"projectId":"parochia-nostra","storageBucket":"parochia-nostra.firebasestorage.app"}
[debug] [2025-12-24T01:04:59.582Z] [functions] Watching "/Users/max/parochia-nostra/functions" for Cloud Functions...
[debug] [2025-12-24T01:04:59.585Z] Validating nodejs source
[warn] ⚠  functions: package.json indicates an outdated version of firebase-functions. Please upgrade using npm install --save firebase-functions@latest in your functions directory. 
[warn] ⚠  functions: Please note that there will be breaking changes when you upgrade. 
[debug] [2025-12-24T01:05:00.506Z] > [functions] package.json contents: {
  "name": "functions",
  "description": "Cloud Functions for Firebase",
  "scripts": {
    "serve": "firebase emulators:start --only functions",
    "shell": "firebase functions:shell",
    "start": "npm run shell",
    "deploy": "firebase deploy --only functions",
    "logs": "firebase functions:log"
  },
  "engines": {
    "node": "22"
  },
  "main": "index.js",
  "dependencies": {
    "firebase-admin": "^12.6.0",
    "firebase-functions": "^6.0.1",
    "xlsx": "^0.18.5"
  },
  "devDependencies": {
    "firebase-functions-test": "^3.1.0"
  },
  "private": true
}
[debug] [2025-12-24T01:05:00.506Z] Building nodejs source
[debug] [2025-12-24T01:05:00.507Z] Failed to find version of module node: reached end of search path /Users/max/parochia-nostra/functions/node_modules
[info] ✔  functions: Using node@22 from host. 
[debug] [2025-12-24T01:05:00.509Z] Could not find functions.yaml. Must use http discovery
[debug] [2025-12-24T01:05:00.516Z] Found firebase-functions binary at '/Users/max/parochia-nostra/functions/node_modules/.bin/firebase-functions'
[info] Serving at port 8111

[debug] [2025-12-24T01:05:02.284Z] Got response from /__/functions.yaml {"endpoints":{"generateExcelMaestro":{"availableMemoryMb":null,"timeoutSeconds":null,"minInstances":null,"maxInstances":null,"ingressSettings":null,"concurrency":null,"serviceAccountEmail":null,"vpc":null,"platform":"gcfv2","labels":{},"callableTrigger":{},"entryPoint":"generateExcelMaestro"},"weeklyExcelRefresh":{"availableMemoryMb":null,"timeoutSeconds":null,"minInstances":null,"maxInstances":null,"ingressSettings":null,"concurrency":null,"serviceAccountEmail":null,"vpc":null,"platform":"gcfv2","labels":{},"scheduleTrigger":{"schedule":"every monday 06:00","retryConfig":{"retryCount":null,"maxDoublings":null,"maxRetrySeconds":null,"minBackoffSeconds":null,"maxBackoffSeconds":null},"timeZone":null},"entryPoint":"weeklyExcelRefresh"}},"specVersion":"v1alpha1","requiredAPIs":[{"api":"cloudscheduler.googleapis.com","reason":"Needed for scheduled functions."}],"extensions":{}}
[debug] [2025-12-24T01:05:06.313Z] [functions] Loaded functions definitions from source: generateExcelMaestro, weeklyExcelRefresh.
[debug] [2025-12-24T01:05:06.314Z] [functions[us-central1-generateExcelMaestro]] http function initialized (http://127.0.0.1:5001/parochia-nostra/us-central1/generateExcelMaestro).
[debug] [2025-12-24T01:05:06.314Z] [functions[us-central1-weeklyExcelRefresh]] function ignored because the pubsub emulator does not exist or is not running.
[info] i  functions: Loaded functions: generateExcelMaestro, weeklyExcelRefresh 
[warn] ⚠  functions: The following emulators are not running, calls to these services will affect production: firestore, database, pubsub, storage, eventarc, tasks 
